INFO         | Android emulator version 37.1.11.0 (build_id 15917651) (CL:N/A)
INFO         | Graphics backend: gfxstream
INFO         | Found systemPath F:\Android\system-images/android-33/google_apis/x86_64/
INFO         | Saving last run QEMU version for the AVD to 2
INFO         | Changing default hw.initialOrientation to portrait

INFO         | Increasing RAM size to 2560MB
INFO         | IPv4 server found: 192.168.2.1
INFO         | Ignore IPv6 address: c01f:f1cd:d601:0:c01f:f1cd:d601:0
INFO         | Ignore IPv6 address: c01f:f1cd:d601:0:c01f:f1cd:d601:0
INFO         | Ignore IPv6 address: c01f:f1cd:d601:0:c01f:f1cd:d601:0
INFO         | Ignore IPv6 address: b025:f1cd:d601:0:c01f:f1cd:d601:0
INFO         | Ignore IPv6 address: b025:f1cd:d601:0:c01f:f1cd:d601:0
INFO         | Ignore IPv6 address: b025:f1cd:d601:0:c01f:f1cd:d601:0
INFO         | Ignore IPv6 address: a02b:f1cd:d601:0:c01f:f1cd:d601:0
INFO         | Ignore IPv6 address: a02b:f1cd:d601:0:c01f:f1cd:d601:0
INFO         | Ignore IPv6 address: a02b:f1cd:d601:0:c01f:f1cd:d601:0
INFO         | Ignore IPv6 address: 9831:f1cd:d601:0:c01f:f1cd:d601:0
INFO         | Ignore IPv6 address: d040:f1cd:d601:0:c01f:f1cd:d601:0
INFO         | Ignore IPv6 address: d040:f1cd:d601:0:c01f:f1cd:d601:0
INFO         | Ignore IPv6 address: d040:f1cd:d601:0:c01f:f1cd:d601:0
INFO         | Ignore IPv6 address: b846:f1cd:d601:0:c01f:f1cd:d601:0
INFO         | Ignore IPv6 address: b846:f1cd:d601:0:c01f:f1cd:d601:0
INFO         | Ignore IPv6 address: b846:f1cd:d601:0:c01f:f1cd:d601:0
INFO         | Ignore IPv6 address: b04c:f1cd:d601:0:c01f:f1cd:d601:0
INFO         | Ignore IPv6 address: b04c:f1cd:d601:0:c01f:f1cd:d601:0
INFO         | Ignore IPv6 address: b04c:f1cd:d601:0:c01f:f1cd:d601:0
INFO         | Ignore IPv6 address: 9852:f1cd:d601:0:c01f:f1cd:d601:0
INFO         | Ignore IPv6 address: 9852:f1cd:d601:0:c01f:f1cd:d601:0
INFO         | Ignore IPv6 address: 9852:f1cd:d601:0:c01f:f1cd:d601:0
INFO         | Ignore IPv6 address: 305a:f1cd:d601:0:c01f:f1cd:d601:0
INFO         | Ignore IPv6 address: 305a:f1cd:d601:0:c01f:f1cd:d601:0
INFO         | Ignore IPv6 address: 305a:f1cd:d601:0:c01f:f1cd:d601:0
INFO         | Guest GLES Driver: Auto (ext controls)
INFO         | emuglConfig_init: vulkan_mode_selected:swiftshader gles_mode_selected:swiftshader
INFO         | Checking system compatibility:
INFO         |   Checking: hasCompatibleHypervisor
INFO         |      Ok: Hypervisor compatibility to run avd: `haolo_test` are met
INFO         |   Checking: hasSufficientSystem
INFO         |      Ok: System requirements to run avd: `haolo_test` are met
INFO         |   Checking: hasSufficientHwGpu
INFO         |      Ok: Hardware GPU compatibility checks are not required
INFO         |   Checking: hasSufficientDiskSpace
INFO         |      Ok: Disk space requirements to run avd: `haolo_test` are met
INFO         | Storing crashdata in: F:\Temp\\AndroidEmulator\emu-crash-37.1.11.db, detection is enabled for process: 18032
INFO         | Initializing gfxstream backend
INFO         | startOpenglesRendererImpl: gpu info
INFO         | GPU #1
  Make: 10de
  Model: NVIDIA GeForce RTX 3060 Laptop GPU
  Device ID: 2520

INFO         | Disabling implicit Vulkan layers to avoid compatibility issues. Set VK_LOADER_LAYERS_DISABLE manually to disable this behavior.
INFO         | initIcdPaths: ICD set to 'swiftshader', using Swiftshader ICD
INFO         | initIcdPaths: Resolved SwiftShader driver DLL path for direct loading: F:\Android\emulator\lib64\vulkan\vk_swiftshader.dll
INFO         | getPossibleLoaderPaths: Bypassing Vulkan Loader, using direct driver path: F:\Android\emulator\lib64\vulkan\vk_swiftshader.dll
INFO         | SharedLibrary::open for [F:\Android\emulator\lib64\vulkan\vk_swiftshader.dll]
INFO         | Added library: F:\Android\emulator\lib64\vulkan\vk_swiftshader.dll
INFO         | Selecting Vulkan device: SwiftShader Device (LLVM 10.0.0), Version: 1.2.0
INFO         | Using Vulkan externalMemoryMode: HostAllocation for VkEmulation
INFO         | Initializing VkEmulation features:
INFO         |     glInteropSupported: false
INFO         |     useDeferredCommands: true
INFO         |     createResourceWithRequirements: true
INFO         |     useVulkanComposition: false
INFO         |     useVulkanNativeSwapchain: false
INFO         |     enable guestRenderDoc: false
INFO         |     ASTC LDR emulation mode: Gpu
INFO         |     enable ETC2 emulation: true
INFO         |     enable Ycbcr emulation: false
INFO         |     guestVulkanOnly: false
INFO         |     useDedicatedAllocations: false
INFO         |     guestVulkanMaxApiVersion: 1.3.0
INFO         |     enableProtectedMemoryEmulation: false
INFO         | Graphics Adapter Vendor Google (Google Inc.)
INFO         | Graphics Adapter Android Emulator OpenGL ES Translator (Google SwiftShader)
INFO         | Graphics API Version OpenGL ES 3.0 (OpenGL ES 3.0 SwiftShader 4.0.0.1)
INFO         | Graphics API Extensions GL_OES_EGL_sync GL_OES_EGL_image GL_OES_EGL_image_external GL_OES_depth24 GL_OES_depth32 GL_OES_element_index_uint GL_OES_texture_float GL_OES_texture_float_linear GL_OES_compressed_paletted_texture GL_OES_compressed_ETC1_RGB8_texture GL_OES_depth_texture GL_OES_texture_half_float GL_OES_texture_half_float_linear GL_OES_packed_depth_stencil GL_OES_vertex_half_float GL_OES_standard_derivatives GL_OES_texture_npot GL_OES_rgb8_rgba8 GL_EXT_color_buffer_float GL_EXT_color_buffer_half_float GL_EXT_texture_format_BGRA8888 GL_APPLE_texture_format_BGRA8888 
INFO         | Graphics Device Extensions N/A
INFO         | Disabling sparse binding feature support
INFO         | Sending adb public key [QAAAALktU1h3NxtA3u4nJU1CqqiyM/FN2AZWfQZm+G+7XL6kNVKd6Fhh+ReRi39g0EQlapouqMBTxvK47F7gcm6BSb6Pwl9ogUa7y3fBpBCXnFoiRrQBM9GE5fb5PMR6YLyOgHw5/dsx10Lj4hRDhL455zJj98MJEh1gPxkL/aqHSneJczj4kz2YsJfbhkPTwswVVOyBCG7SVTRxtbjOy0jvmQZzrPb8nT7dQ0bH8j5phL1GeTGptAruB9JFYaujNCREF7waTphgjti44W1FS42Mpm4WIfpU0Wrv3paeNT+FbkbVHYbYMWMqxm0BQu35IdXzz6NjFG632m78ejTG1cTM7mkCIBO6FxI2QCstOmkneSof4v/9ILvF3UfyzjUtSYKjcRePh6qdolv9x8oGXKw5yiSguv9arkmYSiEQYcAdm0g463URyn1etb8IRbsvFY9xSfv5tgtij8HrRdAcv5DUBA9mYwQORhJiaNQlz5HeCjlhQ5HDLDTKU1MdSOTFrs01az4WORsjaQppvmF0vl28SwUw9+ndUlSq2jlQavwQDd6X2Tn8LWHq0OBEgiuG46L1UMMQl7QGbyW3JOh+nFio+vAEc4OlxRjdRUuJz6By71bDA3EnqlRkrautjiiglWw5pV1kfPGPbMFN69awikXnxUYoqACviw0tArND6nz08qNfswfPgQEAAQA= @unknown]
INFO         | Userspace boot properties:
INFO         |   androidboot.boot_devices=pci0000:00/0000:00:03.0 pci0000:00/0000:00:06.0
INFO         |   androidboot.dalvik.vm.heapsize=576m
INFO         |   androidboot.debug.hwui.renderer=skiagl
INFO         |   androidboot.debug.sf.nobootanimation=1
INFO         |   androidboot.hardware=ranchu
INFO         |   androidboot.hardware.gltransport=pipe
INFO         |   androidboot.hardware.vulkan=ranchu
INFO         |   androidboot.logcat=*:V
INFO         |   androidboot.opengles.version=196608
INFO         |   androidboot.qemu=1
INFO         |   androidboot.qemu.adb.pubkey=QAAAALktU1h3NxtA3u4nJU1CqqiyM/FN2AZWfQZm+G+7XL6kNVKd6Fhh+ReRi39g0EQlapouqMBTxvK47F7gcm6BSb6Pwl9ogUa7y3fBpBCXnFoiRrQBM9GE5fb5PMR6YLyOgHw5/dsx10Lj4hRDhL455zJj98MJEh1gPxkL/aqHSneJczj4kz2YsJfbhkPTwswVVOyBCG7SVTRxtbjOy0jvmQZzrPb8nT7dQ0bH8j5phL1GeTGptAruB9JFYaujNCREF7waTphgjti44W1FS42Mpm4WIfpU0Wrv3paeNT+FbkbVHYbYMWMqxm0BQu35IdXzz6NjFG632m78ejTG1cTM7mkCIBO6FxI2QCstOmkneSof4v/9ILvF3UfyzjUtSYKjcRePh6qdolv9x8oGXKw5yiSguv9arkmYSiEQYcAdm0g463URyn1etb8IRbsvFY9xSfv5tgtij8HrRdAcv5DUBA9mYwQORhJiaNQlz5HeCjlhQ5HDLDTKU1MdSOTFrs01az4WORsjaQppvmF0vl28SwUw9+ndUlSq2jlQavwQDd6X2Tn8LWHq0OBEgiuG46L1UMMQl7QGbyW3JOh+nFio+vAEc4OlxRjdRUuJz6By71bDA3EnqlRkrautjiiglWw5pV1kfPGPbMFN69awikXnxUYoqACviw0tArND6nz08qNfswfPgQEAAQA= @unknown
INFO         |   androidboot.qemu.avd_name=haolo_test
INFO         |   androidboot.qemu.camera_hq_edge_processing=0
INFO         |   androidboot.qemu.camera_protocol_ver=1
INFO         |   androidboot.qemu.cpuvulkan.version=4206592
INFO         |   androidboot.qemu.gltransport.drawFlushInterval=800
INFO         |   androidboot.qemu.gltransport.name=pipe
INFO         |   androidboot.qemu.hwcodec.avcdec=2
INFO         |   androidboot.qemu.hwcodec.hevcdec=2
INFO         |   androidboot.qemu.hwcodec.vpxdec=2
INFO         |   androidboot.qemu.settings.system.screen_off_timeout=2147483647
INFO         |   androidboot.qemu.skin=HVGA
INFO         |   androidboot.qemu.virtiowifi=1
INFO         |   androidboot.qemu.vsync=60
INFO         |   androidboot.serialno=EMULATOR37X1X11X0
INFO         |   androidboot.vbmeta.digest=cc2acf6c582b63336b71fe51ed136e1a7a577e9e868ae7ba916ef6b3965324e5
INFO         |   androidboot.vbmeta.hash_alg=sha256
INFO         |   androidboot.vbmeta.size=6592
INFO         |   androidboot.veritymode=enforcing
WHPX on Windows 10.0.26200 detected.
Windows Hypervisor Platform accelerator is operational
INFO         | Monitoring duration of emulator setup.
WARNING      | The emulator now requires a signed jwt token for gRPC access! Use the -grpc flag if you really want an open unprotected grpc port
INFO         | Using security allow list from: F:\Android\emulator\lib\emulator_access.json
INFO         | The active JSON Web Key Sets can be found here: C:\Users\Administrator\AppData\Local\Temp\avd\running\18032\jwks\386ca17d-ae2a-49a5-82b7-f792d6d4f5ee\active.jwk
INFO         | Scanning C:\Users\Administrator\AppData\Local\Temp\avd\running\18032\jwks\386ca17d-ae2a-49a5-82b7-f792d6d4f5ee for jwk keys.
INFO         | Started GRPC server at 127.0.0.1:8554, security: Local, auth: +token
INFO         | Advertising in: C:\Users\Administrator\AppData\Local\Temp\avd\running\pid_18032.ini
INFO         | Successfully initialized netsim WiFi
INFO         | Activated packet streamer for bluetooth emulation
INFO         | Setting display: 0 configuration to: 320x480, dpi: 160x160 
INFO         | setDisplayActiveConfig: id:0, 320x480
INFO         | emulatorSetupEnvironment: Environment scene is not required
INFO         | Boot completed in 92205 ms
INFO         | Increasing screen off timeout, logcat buffer size to 2M.
INFO         | IPv4 server found: 192.168.2.1
INFO         | Ignore IPv6 address: 10ea:9caf:d601:0:10ea:9caf:d601:0
INFO         | Ignore IPv6 address: 10ea:9caf:d601:0:10ea:9caf:d601:0
INFO         | Ignore IPv6 address: 10ea:9caf:d601:0:10ea:9caf:d601:0
INFO         | Ignore IPv6 address: f0:9caf:d601:0:10ea:9caf:d601:0
INFO         | Ignore IPv6 address: f0:9caf:d601:0:10ea:9caf:d601:0
INFO         | Ignore IPv6 address: f0:9caf:d601:0:10ea:9caf:d601:0
INFO         | Ignore IPv6 address: f0f5:9caf:d601:0:10ea:9caf:d601:0
INFO         | Ignore IPv6 address: f0f5:9caf:d601:0:10ea:9caf:d601:0
INFO         | Ignore IPv6 address: f0f5:9caf:d601:0:10ea:9caf:d601:0
INFO         | Ignore IPv6 address: e8fb:9caf:d601:0:10ea:9caf:d601:0
INFO         | Ignore IPv6 address: 200b:9daf:d601:0:10ea:9caf:d601:0
INFO         | Ignore IPv6 address: 200b:9daf:d601:0:10ea:9caf:d601:0
INFO         | Ignore IPv6 address: 200b:9daf:d601:0:10ea:9caf:d601:0
INFO         | Ignore IPv6 address: 811:9daf:d601:0:10ea:9caf:d601:0
INFO         | Ignore IPv6 address: 811:9daf:d601:0:10ea:9caf:d601:0
INFO         | Ignore IPv6 address: 811:9daf:d601:0:10ea:9caf:d601:0
INFO         | Ignore IPv6 address: 17:9daf:d601:0:10ea:9caf:d601:0
INFO         | Ignore IPv6 address: 17:9daf:d601:0:10ea:9caf:d601:0
INFO         | Ignore IPv6 address: 17:9daf:d601:0:10ea:9caf:d601:0
INFO         | Ignore IPv6 address: e81c:9daf:d601:0:10ea:9caf:d601:0
INFO         | Ignore IPv6 address: e81c:9daf:d601:0:10ea:9caf:d601:0
INFO         | Ignore IPv6 address: e81c:9daf:d601:0:10ea:9caf:d601:0
INFO         | Ignore IPv6 address: 8024:9daf:d601:0:10ea:9caf:d601:0
INFO         | Ignore IPv6 address: 8024:9daf:d601:0:10ea:9caf:d601:0
INFO         | Ignore IPv6 address: 8024:9daf:d601:0:10ea:9caf:d601:0
INFO         | IPv4 server found: 192.168.2.1
INFO         | Ignore IPv6 address: 10ea:9caf:d601:0:10ea:9caf:d601:0
INFO         | Ignore IPv6 address: 10ea:9caf:d601:0:10ea:9caf:d601:0
INFO         | Ignore IPv6 address: 10ea:9caf:d601:0:10ea:9caf:d601:0
INFO         | Ignore IPv6 address: f0:9caf:d601:0:10ea:9caf:d601:0
INFO         | Ignore IPv6 address: f0:9caf:d601:0:10ea:9caf:d601:0
INFO         | Ignore IPv6 address: f0:9caf:d601:0:10ea:9caf:d601:0
INFO         | Ignore IPv6 address: f0f5:9caf:d601:0:10ea:9caf:d601:0
INFO         | Ignore IPv6 address: f0f5:9caf:d601:0:10ea:9caf:d601:0
INFO         | Ignore IPv6 address: f0f5:9caf:d601:0:10ea:9caf:d601:0
INFO         | Ignore IPv6 address: e8fb:9caf:d601:0:10ea:9caf:d601:0
INFO         | Ignore IPv6 address: 200b:9daf:d601:0:10ea:9caf:d601:0
INFO         | Ignore IPv6 address: 200b:9daf:d601:0:10ea:9caf:d601:0
INFO         | Ignore IPv6 address: 200b:9daf:d601:0:10ea:9caf:d601:0
INFO         | Ignore IPv6 address: 811:9daf:d601:0:10ea:9caf:d601:0
INFO         | Ignore IPv6 address: 811:9daf:d601:0:10ea:9caf:d601:0
INFO         | Ignore IPv6 address: 811:9daf:d601:0:10ea:9caf:d601:0
INFO         | Ignore IPv6 address: 17:9daf:d601:0:10ea:9caf:d601:0
INFO         | Ignore IPv6 address: 17:9daf:d601:0:10ea:9caf:d601:0
INFO         | Ignore IPv6 address: 17:9daf:d601:0:10ea:9caf:d601:0
INFO         | Ignore IPv6 address: e81c:9daf:d601:0:10ea:9caf:d601:0
INFO         | Ignore IPv6 address: e81c:9daf:d601:0:10ea:9caf:d601:0
INFO         | Ignore IPv6 address: e81c:9daf:d601:0:10ea:9caf:d601:0
INFO         | Ignore IPv6 address: 8024:9daf:d601:0:10ea:9caf:d601:0
INFO         | Ignore IPv6 address: 8024:9daf:d601:0:10ea:9caf:d601:0
INFO         | Ignore IPv6 address: 8024:9daf:d601:0:10ea:9caf:d601:0
INFO         | IPv4 server found: 192.168.2.1
INFO         | Ignore IPv6 address: 10ea:9caf:d601:0:10ea:9caf:d601:0
INFO         | Ignore IPv6 address: 10ea:9caf:d601:0:10ea:9caf:d601:0
INFO         | Ignore IPv6 address: 10ea:9caf:d601:0:10ea:9caf:d601:0
INFO         | Ignore IPv6 address: f0:9caf:d601:0:10ea:9caf:d601:0
INFO         | Ignore IPv6 address: f0:9caf:d601:0:10ea:9caf:d601:0
INFO         | Ignore IPv6 address: f0:9caf:d601:0:10ea:9caf:d601:0
IN